30
60
100

10
0
-40

200
6000
240000

2
0.15
0.00375